Archive member included to satisfy reference by file (symbol)

G:/File per GNU RISC-V/xpack-riscv-none-elf-gcc-14.2.0-3/bin/../lib/gcc/riscv-none-elf/14.2.0/rv32ia/ilp32\libgcc.a(muldf3.o)
                              ./src/bsp/hbird-e200/stubs/printf.o (__muldf3)
G:/File per GNU RISC-V/xpack-riscv-none-elf-gcc-14.2.0-3/bin/../lib/gcc/riscv-none-elf/14.2.0/rv32ia/ilp32\libgcc.a(fixunsdfsi.o)
                              ./src/bsp/hbird-e200/stubs/printf.o (__fixunsdfsi)
G:/File per GNU RISC-V/xpack-riscv-none-elf-gcc-14.2.0-3/bin/../lib/gcc/riscv-none-elf/14.2.0/rv32ia/ilp32\libgcc.a(muldi3.o)
                              G:/File per GNU RISC-V/xpack-riscv-none-elf-gcc-14.2.0-3/bin/../lib/gcc/riscv-none-elf/14.2.0/rv32ia/ilp32\libgcc.a(muldf3.o) (__mulsi3)
G:/File per GNU RISC-V/xpack-riscv-none-elf-gcc-14.2.0-3/bin/../lib/gcc/riscv-none-elf/14.2.0/rv32ia/ilp32\libgcc.a(_clzsi2.o)
                              G:/File per GNU RISC-V/xpack-riscv-none-elf-gcc-14.2.0-3/bin/../lib/gcc/riscv-none-elf/14.2.0/rv32ia/ilp32\libgcc.a(muldf3.o) (__clzsi2)
G:/File per GNU RISC-V/xpack-riscv-none-elf-gcc-14.2.0-3/bin/../lib/gcc/riscv-none-elf/14.2.0/rv32ia/ilp32\libgcc.a(_clz.o)
                              G:/File per GNU RISC-V/xpack-riscv-none-elf-gcc-14.2.0-3/bin/../lib/gcc/riscv-none-elf/14.2.0/rv32ia/ilp32\libgcc.a(_clzsi2.o) (__clz_tab)
G:/File per GNU RISC-V/xpack-riscv-none-elf-gcc-14.2.0-3/bin/../lib/gcc/riscv-none-elf/14.2.0/../../../../riscv-none-elf/lib/rv32ia/ilp32\libg_nano.a(libc_a-atexit.o)
                              ./src/bsp/hbird-e200/env/start.o (atexit)
G:/File per GNU RISC-V/xpack-riscv-none-elf-gcc-14.2.0-3/bin/../lib/gcc/riscv-none-elf/14.2.0/../../../../riscv-none-elf/lib/rv32ia/ilp32\libg_nano.a(libc_a-exit.o)
                              ./src/bsp/hbird-e200/env/start.o (exit)
G:/File per GNU RISC-V/xpack-riscv-none-elf-gcc-14.2.0-3/bin/../lib/gcc/riscv-none-elf/14.2.0/../../../../riscv-none-elf/lib/rv32ia/ilp32\libg_nano.a(libc_a-findfp.o)
                              G:/File per GNU RISC-V/xpack-riscv-none-elf-gcc-14.2.0-3/bin/../lib/gcc/riscv-none-elf/14.2.0/../../../../riscv-none-elf/lib/rv32ia/ilp32\libg_nano.a(libc_a-exit.o) (__stdio_exit_handler)
G:/File per GNU RISC-V/xpack-riscv-none-elf-gcc-14.2.0-3/bin/../lib/gcc/riscv-none-elf/14.2.0/../../../../riscv-none-elf/lib/rv32ia/ilp32\libg_nano.a(libc_a-fwalk.o)
                              G:/File per GNU RISC-V/xpack-riscv-none-elf-gcc-14.2.0-3/bin/../lib/gcc/riscv-none-elf/14.2.0/../../../../riscv-none-elf/lib/rv32ia/ilp32\libg_nano.a(libc_a-findfp.o) (_fwalk_sglue)
G:/File per GNU RISC-V/xpack-riscv-none-elf-gcc-14.2.0-3/bin/../lib/gcc/riscv-none-elf/14.2.0/../../../../riscv-none-elf/lib/rv32ia/ilp32\libg_nano.a(libc_a-printf.o)
                              ./src/bsp/hbird-e200/env/init.o (printf)
G:/File per GNU RISC-V/xpack-riscv-none-elf-gcc-14.2.0-3/bin/../lib/gcc/riscv-none-elf/14.2.0/../../../../riscv-none-elf/lib/rv32ia/ilp32\libg_nano.a(libc_a-stdio.o)
                              G:/File per GNU RISC-V/xpack-riscv-none-elf-gcc-14.2.0-3/bin/../lib/gcc/riscv-none-elf/14.2.0/../../../../riscv-none-elf/lib/rv32ia/ilp32\libg_nano.a(libc_a-findfp.o) (__sread)
G:/File per GNU RISC-V/xpack-riscv-none-elf-gcc-14.2.0-3/bin/../lib/gcc/riscv-none-elf/14.2.0/../../../../riscv-none-elf/lib/rv32ia/ilp32\libg_nano.a(libc_a-strnlen.o)
                              ./src/bsp/hbird-e200/stubs/printf.o (strnlen)
G:/File per GNU RISC-V/xpack-riscv-none-elf-gcc-14.2.0-3/bin/../lib/gcc/riscv-none-elf/14.2.0/../../../../riscv-none-elf/lib/rv32ia/ilp32\libg_nano.a(libc_a-closer.o)
                              G:/File per GNU RISC-V/xpack-riscv-none-elf-gcc-14.2.0-3/bin/../lib/gcc/riscv-none-elf/14.2.0/../../../../riscv-none-elf/lib/rv32ia/ilp32\libg_nano.a(libc_a-stdio.o) (_close_r)
G:/File per GNU RISC-V/xpack-riscv-none-elf-gcc-14.2.0-3/bin/../lib/gcc/riscv-none-elf/14.2.0/../../../../riscv-none-elf/lib/rv32ia/ilp32\libg_nano.a(libc_a-reent.o)
                              G:/File per GNU RISC-V/xpack-riscv-none-elf-gcc-14.2.0-3/bin/../lib/gcc/riscv-none-elf/14.2.0/../../../../riscv-none-elf/lib/rv32ia/ilp32\libg_nano.a(libc_a-closer.o) (errno)
G:/File per GNU RISC-V/xpack-riscv-none-elf-gcc-14.2.0-3/bin/../lib/gcc/riscv-none-elf/14.2.0/../../../../riscv-none-elf/lib/rv32ia/ilp32\libg_nano.a(libc_a-impure.o)
                              G:/File per GNU RISC-V/xpack-riscv-none-elf-gcc-14.2.0-3/bin/../lib/gcc/riscv-none-elf/14.2.0/../../../../riscv-none-elf/lib/rv32ia/ilp32\libg_nano.a(libc_a-printf.o) (_impure_ptr)
G:/File per GNU RISC-V/xpack-riscv-none-elf-gcc-14.2.0-3/bin/../lib/gcc/riscv-none-elf/14.2.0/../../../../riscv-none-elf/lib/rv32ia/ilp32\libg_nano.a(libc_a-lseekr.o)
                              G:/File per GNU RISC-V/xpack-riscv-none-elf-gcc-14.2.0-3/bin/../lib/gcc/riscv-none-elf/14.2.0/../../../../riscv-none-elf/lib/rv32ia/ilp32\libg_nano.a(libc_a-stdio.o) (_lseek_r)
[...]
Memory Configuration

Name             Origin             Length             Attributes
itcm             0x80000000         0x00004000         axrl!w
ram              0x90000000         0x00004000         axw!rl
*default*        0x00000000         0xffffffff

Linker script and memory map

LOAD ./src/bsp/hbird-e200/stubs/_exit.o
LOAD ./src/bsp/hbird-e200/stubs/close.o
LOAD ./src/bsp/hbird-e200/stubs/fstat.o
LOAD ./src/bsp/hbird-e200/stubs/isatty.o
LOAD ./src/bsp/hbird-e200/stubs/lseek.o
LOAD ./src/bsp/hbird-e200/stubs/malloc.o
LOAD ./src/bsp/hbird-e200/stubs/printf.o
LOAD ./src/bsp/hbird-e200/stubs/read.o
LOAD ./src/bsp/hbird-e200/stubs/sbrk.o
LOAD ./src/bsp/hbird-e200/stubs/write.o
LOAD ./src/bsp/hbird-e200/stubs/write_hex.o
LOAD ./src/bsp/hbird-e200/env/entry.o
LOAD ./src/bsp/hbird-e200/env/init.o
LOAD ./src/bsp/hbird-e200/env/start.o
LOAD ./src/bsp/hbird-e200/drivers/plic/plic_driver.o
LOAD ./src/bsp/hbird-e200/drivers/hclkgen/hclkgen_driver.o
LOAD ./src/main.o
LOAD G:/File per GNU RISC-V/xpack-riscv-none-elf-gcc-14.2.0-3/bin/../lib/gcc/riscv-none-elf/14.2.0/rv32ia/ilp32\libgcc.a
LOAD G:/File per GNU RISC-V/xpack-riscv-none-elf-gcc-14.2.0-3/bin/../lib/gcc/riscv-none-elf/14.2.0/../../../../riscv-none-elf/lib/rv32ia/ilp32\libg_nano.a
LOAD G:/File per GNU RISC-V/xpack-riscv-none-elf-gcc-14.2.0-3/bin/../lib/gcc/riscv-none-elf/14.2.0/../../../../riscv-none-elf/lib/rv32ia/ilp32\libc_nano.a
LOAD G:/File per GNU RISC-V/xpack-riscv-none-elf-gcc-14.2.0-3/bin/../lib/gcc/riscv-none-elf/14.2.0/rv32ia/ilp32\libgcc.a
START GROUP
LOAD G:/File per GNU RISC-V/xpack-riscv-none-elf-gcc-14.2.0-3/bin/../lib/gcc/riscv-none-elf/14.2.0/rv32ia/ilp32\libgcc.a
LOAD G:/File per GNU RISC-V/xpack-riscv-none-elf-gcc-14.2.0-3/bin/../lib/gcc/riscv-none-elf/14.2.0/../../../../riscv-none-elf/lib/rv32ia/ilp32\libc_nano.a
LOAD G:/File per GNU RISC-V/xpack-riscv-none-elf-gcc-14.2.0-3/bin/../lib/gcc/riscv-none-elf/14.2.0/../../../../riscv-none-elf/lib/rv32ia/ilp32\libgloss_nano.a
END GROUP
                0x00000800                        __stack_size = DEFINED (__stack_size)?__stack_size:0x800

.init           0x80000000       0xc0
 *(SORT_NONE(.init))
 .init          0x80000000       0xc0 ./src/bsp/hbird-e200/env/start.o
                0x80000000                _start

.ilalign        0x800000c0        0x0
                0x800000c0                        . = ALIGN (0x4)
                0x800000c0                        PROVIDE (_itcm_lma = .)

.ialign         0x800000c0        0x0
                0x800000c0                        PROVIDE (_itcm = .)

.text           0x800000c0     0x24c0
 *(.text.unlikely .text.unlikely.*)
 *(.text.startup .text.startup.*)
 .text.startup.main
                0x800000c0      0x20c ./src/main.o
                0x800000c0                main
 *(.text .text.*)
 .text._exit    0x800002cc       0x94 ./src/bsp/hbird-e200/stubs/_exit.o
                0x800002cc                _exit
 .text._close   0x80000360        0x8 ./src/bsp/hbird-e200/stubs/close.o
                0x80000360                _close
 .text._fstat   0x80000368       0x3c ./src/bsp/hbird-e200/stubs/fstat.o
                0x80000368                _fstat
 .text._isatty  0x800003a4        0xc ./src/bsp/hbird-e200/stubs/isatty.o
                0x800003a4                _isatty
 .text._lseek   0x800003b0       0x20 ./src/bsp/hbird-e200/stubs/lseek.o
                0x800003b0                _lseek
 .text._read    0x800003d0        0x8 ./src/bsp/hbird-e200/stubs/read.o
                0x800003d0                _read
 .text._sbrk    0x800003d8       0x38 ./src/bsp/hbird-e200/stubs/sbrk.o
                0x800003d8                _sbrk
 .text._write   0x80000410       0x88 ./src/bsp/hbird-e200/stubs/write.o
                0x80000410                _write
 .text.write_hex
                0x80000498       0xcc ./src/bsp/hbird-e200/stubs/write_hex.o
                0x80000498                write_hex
 .text.entry    0x80000564       0xa0 ./src/bsp/hbird-e200/env/entry.o
                0x80000564                trap_entry
 .text.measure_cpu_freq
                0x80000604       0x50 ./src/bsp/hbird-e200/env/init.o
 .text.handle_m_ext_interrupt
                0x80000654        0x4 ./src/bsp/hbird-e200/env/init.o
                0x80000654                handle_m_ext_interrupt
 .text.handle_m_time_interrupt
                0x80000658        0x4 ./src/bsp/hbird-e200/env/init.o
                0x80000658                handle_m_time_interrupt
 .text.handle_trap
                0x8000065c       0x88 ./src/bsp/hbird-e200/env/init.o
                0x8000065c                handle_trap
 .text._init    0x800006e4       0xb0 ./src/bsp/hbird-e200/env/init.o
                0x800006e4                _init
 .text._fini    0x80000794        0x4 ./src/bsp/hbird-e200/env/init.o
                0x80000794                _fini
 .text.atexit   0x80000798       0x14 G:/File per GNU RISC-V/xpack-riscv-none-elf-gcc-14.2.0-3/bin/../lib/gcc/riscv-none-elf/14.2.0/../../../../riscv-none-elf/lib/rv32ia/ilp32\libg_nano.a(libc_a-atexit.o)
                0x80000798                atexit
 .text.exit     0x800007ac       0x38 G:/File per GNU RISC-V/xpack-riscv-none-elf-gcc-14.2.0-3/bin/../lib/gcc/riscv-none-elf/14.2.0/../../../../riscv-none-elf/lib/rv32ia/ilp32\libg_nano.a(libc_a-exit.o)
                0x800007ac                exit
 .text.std      0x800007e4       0xbc G:/File per GNU RISC-V/xpack-riscv-none-elf-gcc-14.2.0-3/bin/../lib/gcc/riscv-none-elf/14.2.0/../../../../riscv-none-elf/lib/rv32ia/ilp32\libg_nano.a(libc_a-findfp.o)
 .text.stdio_exit_handler
                0x800008a0       0x1c G:/File per GNU RISC-V/xpack-riscv-none-elf-gcc-14.2.0-3/bin/../lib/gcc/riscv-none-elf/14.2.0/../../../../riscv-none-elf/lib/rv32ia/ilp32\libg_nano.a(libc_a-findfp.o)
 .text.cleanup_stdio
                0x800008bc       0x6c G:/File per GNU RISC-V/xpack-riscv-none-elf-gcc-14.2.0-3/bin/../lib/gcc/riscv-none-elf/14.2.0/../../../../riscv-none-elf/lib/rv32ia/ilp32\libg_nano.a(libc_a-findfp.o)
 .text.global_stdio_init.part.0
                0x80000928       0x54 G:/File per GNU RISC-V/xpack-riscv-none-elf-gcc-14.2.0-3/bin/../lib/gcc/riscv-none-elf/14.2.0/../../../../riscv-none-elf/lib/rv32ia/ilp32\libg_nano.a(libc_a-findfp.o)
 .text.__sfp_lock_acquire
                0x8000097c        0x8 G:/File per GNU RISC-V/xpack-riscv-none-elf-gcc-14.2.0-3/bin/../lib/gcc/riscv-none-elf/14.2.0/../../../../riscv-none-elf/lib/rv32ia/ilp32\libg_nano.a(libc_a-findfp.o)
                0x8000097c                __sfp_lock_acquire
 .text.__sfp_lock_release
                0x80000984        0x8 G:/File per GNU RISC-V/xpack-riscv-none-elf-gcc-14.2.0-3/bin/../lib/gcc/riscv-none-elf/14.2.0/../../../../riscv-none-elf/lib/rv32ia/ilp32\libg_nano.a(libc_a-findfp.o)
                0x80000984                __sfp_lock_release
 .text.__sinit  0x8000098c       0x48 G:/File per GNU RISC-V/xpack-riscv-none-elf-gcc-14.2.0-3/bin/../lib/gcc/riscv-none-elf/14.2.0/../../../../riscv-none-elf/lib/rv32ia/ilp32\libg_nano.a(libc_a-findfp.o)
                0x8000098c                __sinit
 .text._fwalk_sglue
                0x800009d4       0xb0 G:/File per GNU RISC-V/xpack-riscv-none-elf-gcc-14.2.0-3/bin/../lib/gcc/riscv-none-elf/14.2.0/../../../../riscv-none-elf/lib/rv32ia/ilp32\libg_nano.a(libc_a-fwalk.o)
                0x800009d4                _fwalk_sglue
 .text.printf   0x80000a84       0x50 G:/File per GNU RISC-V/xpack-riscv-none-elf-gcc-14.2.0-3/bin/../lib/gcc/riscv-none-elf/14.2.0/../../../../riscv-none-elf/lib/rv32ia/ilp32\libg_nano.a(libc_a-printf.o)
                0x80000a84                iprintf
                0x80000a84                printf
 .text.__sread  0x80000ad4       0x50 G:/File per GNU RISC-V/xpack-riscv-none-elf-gcc-14.2.0-3/bin/../lib/gcc/riscv-none-elf/14.2.0/../../../../riscv-none-elf/lib/rv32ia/ilp32\libg_nano.a(libc_a-stdio.o)
                0x80000ad4                __sread
 .text.__swrite
                0x80000b24       0x84 G:/File per GNU RISC-V/xpack-riscv-none-elf-gcc-14.2.0-3/bin/../lib/gcc/riscv-none-elf/14.2.0/../../../../riscv-none-elf/lib/rv32ia/ilp32\libg_nano.a(libc_a-stdio.o)
                0x80000b24                __swrite
 .text.__sseek  0x80000ba8       0x58 G:/File per GNU RISC-V/xpack-riscv-none-elf-gcc-14.2.0-3/bin/../lib/gcc/riscv-none-elf/14.2.0/../../../../riscv-none-elf/lib/rv32ia/ilp32\libg_nano.a(libc_a-stdio.o)
                0x80000ba8                __sseek
 .text.__sclose
                0x80000c00        0x8 G:/File per GNU RISC-V/xpack-riscv-none-elf-gcc-14.2.0-3/bin/../lib/gcc/riscv-none-elf/14.2.0/../../../../riscv-none-elf/lib/rv32ia/ilp32\libg_nano.a(libc_a-stdio.o)
                0x80000c00                __sclose
 .text._close_r
                0x80000c08       0x40 G:/File per GNU RISC-V/xpack-riscv-none-elf-gcc-14.2.0-3/bin/../lib/gcc/riscv-none-elf/14.2.0/../../../../riscv-none-elf/lib/rv32ia/ilp32\libg_nano.a(libc_a-closer.o)
                0x80000c08                _close_r
 .text._lseek_r
                0x80000c48       0x48 G:/File per GNU RISC-V/xpack-riscv-none-elf-gcc-14.2.0-3/bin/../lib/gcc/riscv-none-elf/14.2.0/../../../../riscv-none-elf/lib/rv32ia/ilp32\libg_nano.a(libc_a-lseekr.o)
                0x80000c48                _lseek_r
 .text._read_r  0x80000c90       0x48 G:/File per GNU RISC-V/xpack-riscv-none-elf-gcc-14.2.0-3/bin/../lib/gcc/riscv-none-elf/14.2.0/../../../../riscv-none-elf/lib/rv32ia/ilp32\libg_nano.a(libc_a-readr.o)
                0x80000c90                _read_r
 .text._write_r
                0x80000cd8       0x48 G:/File per GNU RISC-V/xpack-riscv-none-elf-gcc-14.2.0-3/bin/../lib/gcc/riscv-none-elf/14.2.0/../../../../riscv-none-elf/lib/rv32ia/ilp32\libg_nano.a(libc_a-writer.o)
                0x80000cd8                _write_r
 .text.__libc_init_array
                0x80000d20       0x94 G:/File per GNU RISC-V/xpack-riscv-none-elf-gcc-14.2.0-3/bin/../lib/gcc/riscv-none-elf/14.2.0/../../../../riscv-none-elf/lib/rv32ia/ilp32\libg_nano.a(libc_a-init.o)
                0x80000d20                __libc_init_array
 .text.__libc_fini_array
                0x80000db4       0x58 G:/File per GNU RISC-V/xpack-riscv-none-elf-gcc-14.2.0-3/bin/../lib/gcc/riscv-none-elf/14.2.0/../../../../riscv-none-elf/lib/rv32ia/ilp32\libg_nano.a(libc_a-fini.o)
                0x80000db4                __libc_fini_array
 .text.__retarget_lock_init_recursive
                0x80000e0c        0x4 G:/File per GNU RISC-V/xpack-riscv-none-elf-gcc-14.2.0-3/bin/../lib/gcc/riscv-none-elf/14.2.0/../../../../riscv-none-elf/lib/rv32ia/ilp32\libg_nano.a(libc_a-lock.o)
                0x80000e0c                __retarget_lock_init_recursive
 .text.__retarget_lock_acquire_recursive
                0x80000e10        0x4 G:/File per GNU RISC-V/xpack-riscv-none-elf-gcc-14.2.0-3/bin/../lib/gcc/riscv-none-elf/14.2.0/../../../../riscv-none-elf/lib/rv32ia/ilp32\libg_nano.a(libc_a-lock.o)
                0x80000e10                __retarget_lock_acquire_recursive
 .text.__retarget_lock_release_recursive
                0x80000e14        0x4 G:/File per GNU RISC-V/xpack-riscv-none-elf-gcc-14.2.0-3/bin/../lib/gcc/riscv-none-elf/14.2.0/../../../../riscv-none-elf/lib/rv32ia/ilp32\libg_nano.a(libc_a-lock.o)
                0x80000e14                __retarget_lock_release_recursive
 .text.isatty   0x80000e18        0x4 G:/File per GNU RISC-V/xpack-riscv-none-elf-gcc-14.2.0-3/bin/../lib/gcc/riscv-none-elf/14.2.0/../../../../riscv-none-elf/lib/rv32ia/ilp32\libg_nano.a(libc_a-sysisatty.o)
                0x80000e18                isatty
 .text.write    0x80000e1c       0x18 G:/File per GNU RISC-V/xpack-riscv-none-elf-gcc-14.2.0-3/bin/../lib/gcc/riscv-none-elf/14.2.0/../../../../riscv-none-elf/lib/rv32ia/ilp32\libg_nano.a(libc_a-syswrite.o)
                0x80000e1c                write
 .text          0x80000e34       0x1c G:/File per GNU RISC-V/xpack-riscv-none-elf-gcc-14.2.0-3/bin/../lib/gcc/riscv-none-elf/14.2.0/../../../../riscv-none-elf/lib/rv32ia/ilp32\libg_nano.a(libc_a-memset.o)
                0x80000e34                memset
 .text.__register_exitproc
                0x80000e50       0xfc G:/File per GNU RISC-V/xpack-riscv-none-elf-gcc-14.2.0-3/bin/../lib/gcc/riscv-none-elf/14.2.0/../../../../riscv-none-elf/lib/rv32ia/ilp32\libg_nano.a(libc_a-__atexit.o)
                0x80000e50                __register_exitproc
 .text.__call_exitprocs
                0x80000f4c      0x148 G:/File per GNU RISC-V/xpack-riscv-none-elf-gcc-14.2.0-3/bin/../lib/gcc/riscv-none-elf/14.2.0/../../../../riscv-none-elf/lib/rv32ia/ilp32\libg_nano.a(libc_a-__call_atexit.o)
                0x80000f4c                __call_exitprocs
 .text._free_r  0x80001094       0xfc G:/File per GNU RISC-V/xpack-riscv-none-elf-gcc-14.2.0-3/bin/../lib/gcc/riscv-none-elf/14.2.0/../../../../riscv-none-elf/lib/rv32ia/ilp32\libg_nano.a(libc_a-freer.o)
                0x80001094                _free_r
 .text.sbrk_aligned
                0x80001190       0x88 G:/File per GNU RISC-V/xpack-riscv-none-elf-gcc-14.2.0-3/bin/../lib/gcc/riscv-none-elf/14.2.0/../../../../riscv-none-elf/lib/rv32ia/ilp32\libg_nano.a(libc_a-mallocr.o)
 .text._malloc_r
                0x80001218      0x1c0 G:/File per GNU RISC-V/xpack-riscv-none-elf-gcc-14.2.0-3/bin/../lib/gcc/riscv-none-elf/14.2.0/../../../../riscv-none-elf/lib/rv32ia/ilp32\libg_nano.a(libc_a-mallocr.o)
                0x80001218                _malloc_r
 .text.__malloc_lock
                0x800013d8        0x8 G:/File per GNU RISC-V/xpack-riscv-none-elf-gcc-14.2.0-3/bin/../lib/gcc/riscv-none-elf/14.2.0/../../../../riscv-none-elf/lib/rv32ia/ilp32\libg_nano.a(libc_a-mlock.o)
                0x800013d8                __malloc_lock
 .text.__malloc_unlock
                0x800013e0        0x8 G:/File per GNU RISC-V/xpack-riscv-none-elf-gcc-14.2.0-3/bin/../lib/gcc/riscv-none-elf/14.2.0/../../../../riscv-none-elf/lib/rv32ia/ilp32\libg_nano.a(libc_a-mlock.o)
                0x800013e0                __malloc_unlock
 .text.__sfputc_r
                0x800013e8       0x3c G:/File per GNU RISC-V/xpack-riscv-none-elf-gcc-14.2.0-3/bin/../lib/gcc/riscv-none-elf/14.2.0/../../../../riscv-none-elf/lib/rv32ia/ilp32\libg_nano.a(libc_a-nano-vfprintf.o)
 .text.__sfputs_r
                0x80001424       0x74 G:/File per GNU RISC-V/xpack-riscv-none-elf-gcc-14.2.0-3/bin/../lib/gcc/riscv-none-elf/14.2.0/../../../../riscv-none-elf/lib/rv32ia/ilp32\libg_nano.a(libc_a-nano-vfprintf.o)
                0x80001424                __sfputs_r
 .text._vfprintf_r
                0x80001498      0x3fc G:/File per GNU RISC-V/xpack-riscv-none-elf-gcc-14.2.0-3/bin/../lib/gcc/riscv-none-elf/14.2.0/../../../../riscv-none-elf/lib/rv32ia/ilp32\libg_nano.a(libc_a-nano-vfprintf.o)
                0x80001498                _vfprintf_r
                0x80001498                _vfiprintf_r
 .text._printf_common
                0x80001894      0x1b4 G:/File per GNU RISC-V/xpack-riscv-none-elf-gcc-14.2.0-3/bin/../lib/gcc/riscv-none-elf/14.2.0/../../../../riscv-none-elf/lib/rv32ia/ilp32\libg_nano.a(libc_a-nano-vfprintf_i.o)
                0x80001894                _printf_common
 .text._printf_i
                0x80001a48      0x3b4 G:/File per GNU RISC-V/xpack-riscv-none-elf-gcc-14.2.0-3/bin/../lib/gcc/riscv-none-elf/14.2.0/../../../../riscv-none-elf/lib/rv32ia/ilp32\libg_nano.a(libc_a-nano-vfprintf_i.o)
                0x80001a48                _printf_i
 .text.__sflush_r
                0x80001dfc      0x1cc G:/File per GNU RISC-V/xpack-riscv-none-elf-gcc-14.2.0-3/bin/../lib/gcc/riscv-none-elf/14.2.0/../../../../riscv-none-elf/lib/rv32ia/ilp32\libg_nano.a(libc_a-fflush.o)
                0x80001dfc                __sflush_r
 .text._fflush_r
                0x80001fc8       0xa4 G:/File per GNU RISC-V/xpack-riscv-none-elf-gcc-14.2.0-3/bin/../lib/gcc/riscv-none-elf/14.2.0/../../../../riscv-none-elf/lib/rv32ia/ilp32\libg_nano.a(libc_a-fflush.o)
                0x80001fc8                _fflush_r
 .text.__swbuf_r
                0x8000206c      0x100 G:/File per GNU RISC-V/xpack-riscv-none-elf-gcc-14.2.0-3/bin/../lib/gcc/riscv-none-elf/14.2.0/../../../../riscv-none-elf/lib/rv32ia/ilp32\libg_nano.a(libc_a-wbuf.o)
                0x8000206c                __swbuf_r
 .text.__swsetup_r
                0x8000216c      0x118 G:/File per GNU RISC-V/xpack-riscv-none-elf-gcc-14.2.0-3/bin/../lib/gcc/riscv-none-elf/14.2.0/../../../../riscv-none-elf/lib/rv32ia/ilp32\libg_nano.a(libc_a-wsetup.o)
                0x8000216c                __swsetup_r
 .text.memchr   0x80002284       0x24 G:/File per GNU RISC-V/xpack-riscv-none-elf-gcc-14.2.0-3/bin/../lib/gcc/riscv-none-elf/14.2.0/../../../../riscv-none-elf/lib/rv32ia/ilp32\libg_nano.a(libc_a-memchr.o)
                0x80002284                memchr
 .text._sbrk_r  0x800022a8       0x40 G:/File per GNU RISC-V/xpack-riscv-none-elf-gcc-14.2.0-3/bin/../lib/gcc/riscv-none-elf/14.2.0/../../../../riscv-none-elf/lib/rv32ia/ilp32\libg_nano.a(libc_a-sbrkr.o)
                0x800022a8                _sbrk_r
 .text.__swhatbuf_r
                0x800022e8       0x90 G:/File per GNU RISC-V/xpack-riscv-none-elf-gcc-14.2.0-3/bin/../lib/gcc/riscv-none-elf/14.2.0/../../../../riscv-none-elf/lib/rv32ia/ilp32\libg_nano.a(libc_a-makebuf.o)
                0x800022e8                __swhatbuf_r
 .text.__smakebuf_r
                0x80002378       0xd0 G:/File per GNU RISC-V/xpack-riscv-none-elf-gcc-14.2.0-3/bin/../lib/gcc/riscv-none-elf/14.2.0/../../../../riscv-none-elf/lib/rv32ia/ilp32\libg_nano.a(libc_a-makebuf.o)
                0x80002378                __smakebuf_r
 .text._fstat_r
                0x80002448       0x44 G:/File per GNU RISC-V/xpack-riscv-none-elf-gcc-14.2.0-3/bin/../lib/gcc/riscv-none-elf/14.2.0/../../../../riscv-none-elf/lib/rv32ia/ilp32\libg_nano.a(libc_a-fstatr.o)
                0x80002448                _fstat_r
 .text._isatty_r
                0x8000248c       0x40 G:/File per GNU RISC-V/xpack-riscv-none-elf-gcc-14.2.0-3/bin/../lib/gcc/riscv-none-elf/14.2.0/../../../../riscv-none-elf/lib/rv32ia/ilp32\libg_nano.a(libc_a-isattyr.o)
                0x8000248c                _isatty_r
 .text          0x800024cc       0xb4 G:/File per GNU RISC-V/xpack-riscv-none-elf-gcc-14.2.0-3/bin/../lib/gcc/riscv-none-elf/14.2.0/rv32ia/ilp32\libgcc.a(div.o)
                0x800024cc                __divsi3
                0x800024d4                __udivsi3
                0x800024d4                __hidden___udivsi3
                0x8000251c                __umodsi3
                0x80002550                __modsi3
 *(.gnu.linkonce.t.*)

.rela.dyn       0x80002580        0x0
 .rela.text._sbrk
                0x80002580        0x0 ./src/bsp/hbird-e200/stubs/_exit.o
 .rela.sdata.curbrk.0
                0x80002580        0x0 ./src/bsp/hbird-e200/stubs/_exit.o
 .rela.init     0x80002580        0x0 ./src/bsp/hbird-e200/stubs/_exit.o
 .rela.text.__libc_init_array
                0x80002580        0x0 ./src/bsp/hbird-e200/stubs/_exit.o
 .rela.text.__libc_fini_array
                0x80002580        0x0 ./src/bsp/hbird-e200/stubs/_exit.o
 .rela.text.__register_exitproc
                0x80002580        0x0 ./src/bsp/hbird-e200/stubs/_exit.o
 .rela.text._vfprintf_r
                0x80002580        0x0 ./src/bsp/hbird-e200/stubs/_exit.o

.fini
 *(SORT_NONE(.fini))
                0x80002580                        . = ALIGN (0x4)
                [!provide]                        PROVIDE (__etext = .)
                [!provide]                        PROVIDE (_etext = .)
                [!provide]                        PROVIDE (etext = .)
                0x80002580                        PROVIDE (_eitcm = .)

.preinit_array  0x80002580        0x0
                0x80002580                        PROVIDE (__preinit_array_start = .)
 *(.preinit_array)
                0x80002580                        PROVIDE (__preinit_array_end = .)

.init_array     0x80002580        0x0
                0x80002580                        PROVIDE (__init_array_start = .)
 *(SORT_BY_INIT_PRIORITY(.init_array.*) SORT_BY_INIT_PRIORITY(.ctors.*))
 *(.init_array EXCLUDE_FILE(*crtend?.o *crtend.o *crtbegin?.o *crtbegin.o) .ctors)
                0x80002580                        PROVIDE (__init_array_end = .)

.fini_array     0x80002580        0x0
                0x80002580                        PROVIDE (__fini_array_start = .)
 *(SORT_BY_INIT_PRIORITY(.fini_array.*) SORT_BY_INIT_PRIORITY(.dtors.*))
 *(.fini_array EXCLUDE_FILE(*crtend?.o *crtend.o *crtbegin?.o *crtbegin.o) .dtors)
                0x80002580                        PROVIDE (__fini_array_end = .)

.ctors
 *crtbegin.o(.ctors)
 *crtbegin?.o(.ctors)
 *(EXCLUDE_FILE(*crtend?.o *crtend.o) .ctors)
 *(SORT_BY_NAME(.ctors.*))
 *(.ctors)

.dtors
 *crtbegin.o(.dtors)
 *crtbegin?.o(.dtors)
 *(EXCLUDE_FILE(*crtend?.o *crtend.o) .dtors)
 *(SORT_BY_NAME(.dtors.*))
 *(.dtors)
                0x80002580                        . = ALIGN (0x4)
                [!provide]                        PROVIDE (_eitcm = .)

.lalign         0x80002580        0x0
                0x80002580                        . = ALIGN (0x4)
                0x80002580                        PROVIDE (_data_lma = .)

.dalign         0x90000000        0x0 load address 0x80002580
                0x90000000                        . = ALIGN (0x4)
                0x90000000                        PROVIDE (_data = .)

.data           0x90000000      0xd60 load address 0x80002580
 *(.rdata)
 *(.rodata .rodata.*)
 .rodata._exit.str1.4
                0x90000000       0x99 ./src/bsp/hbird-e200/stubs/_exit.o
                                 0x23 (size before relaxing)
 .rodata.write_hex.str1.4
                0x90000099        0x3 ./src/bsp/hbird-e200/stubs/write_hex.o
 .rodata.handle_trap.str1.4
                0x90000099        0x6 ./src/bsp/hbird-e200/env/init.o
 .rodata._init.str1.4
                0x90000099       0x15 ./src/bsp/hbird-e200/env/init.o
 .rodata.main.str1.4
                0x90000099       0x17 ./src/main.o
 *fill*         0x90000099        0x3 
 .rodata.bitmap
                0x9000009c      0xc00 ./src/main.o
                0x9000009c                bitmap
 .rodata._vfprintf_r.str1.4
                0x90000c9c       0x13 G:/File per GNU RISC-V/xpack-riscv-none-elf-gcc-14.2.0-3/bin/../lib/gcc/riscv-none-elf/14.2.0/../../../../riscv-none-elf/lib/rv32ia/ilp32\libg_nano.a(libc_a-nano-vfprintf.o)
 .rodata._printf_i.str1.4
                0x90000c9c       0x25 G:/File per GNU RISC-V/xpack-riscv-none-elf-gcc-14.2.0-3/bin/../lib/gcc/riscv-none-elf/14.2.0/../../../../riscv-none-elf/lib/rv32ia/ilp32\libg_nano.a(libc_a-nano-vfprintf_i.o)
 .rodata._printf_i
                0x90000c9c       0x58 G:/File per GNU RISC-V/xpack-riscv-none-elf-gcc-14.2.0-3/bin/../lib/gcc/riscv-none-elf/14.2.0/../../../../riscv-none-elf/lib/rv32ia/ilp32\libg_nano.a(libc_a-nano-vfprintf_i.o)
 *(.gnu.linkonce.r.*)
 *(.data .data.*)
 .data.__sglue  0x90000cf4        0xc G:/File per GNU RISC-V/xpack-riscv-none-elf-gcc-14.2.0-3/bin/../lib/gcc/riscv-none-elf/14.2.0/../../../../riscv-none-elf/lib/rv32ia/ilp32\libg_nano.a(libc_a-findfp.o)
                0x90000cf4                __sglue
 .data._impure_data
                0x90000d00       0x4c G:/File per GNU RISC-V/xpack-riscv-none-elf-gcc-14.2.0-3/bin/../lib/gcc/riscv-none-elf/14.2.0/../../../../riscv-none-elf/lib/rv32ia/ilp32\libg_nano.a(libc_a-impure.o)
                0x90000d00                _impure_data
 *(.gnu.linkonce.d.*)
                0x90000d50                        . = ALIGN (0x8)
 *fill*         0x90000d4c        0x4 
                0x90001550                        PROVIDE (__global_pointer$ = (. + 0x800))
 *(.sdata .sdata.*)
 .sdata.curbrk.0
                0x90000d50        0x4 ./src/bsp/hbird-e200/stubs/sbrk.o
 .sdata._impure_ptr
                0x90000d54        0x4 G:/File per GNU RISC-V/xpack-riscv-none-elf-gcc-14.2.0-3/bin/../lib/gcc/riscv-none-elf/14.2.0/../../../../riscv-none-elf/lib/rv32ia/ilp32\libg_nano.a(libc_a-impure.o)
                0x90000d54                _impure_ptr
 .sdata.__atexit_recursive_mutex
                0x90000d58        0x4 G:/File per GNU RISC-V/xpack-riscv-none-elf-gcc-14.2.0-3/bin/../lib/gcc/riscv-none-elf/14.2.0/../../../../riscv-none-elf/lib/rv32ia/ilp32\libg_nano.a(libc_a-__call_atexit.o)
                0x90000d58                __atexit_recursive_mutex
 *(.gnu.linkonce.s.*)
                0x90000d60                        . = ALIGN (0x8)
 *fill*         0x90000d5c        0x4 
 *(.srodata.cst16)
 *(.srodata.cst8)
 *(.srodata.cst4)
 *(.srodata.cst2)
 *(.srodata .srodata.*)
                0x90000d60                        . = ALIGN (0x4)
                0x90000d60                        PROVIDE (_edata = .)
                [!provide]                        PROVIDE (edata = .)
                [!provide]                        PROVIDE (_fbss = .)
                0x90000d60                        PROVIDE (__bss_start = .)

.bss            0x90000d60      0x1e4
 *(.sbss*)
 .sbss.__stdio_exit_handler
                0x90000d60        0x4 G:/File per GNU RISC-V/xpack-riscv-none-elf-gcc-14.2.0-3/bin/../lib/gcc/riscv-none-elf/14.2.0/../../../../riscv-none-elf/lib/rv32ia/ilp32\libg_nano.a(libc_a-findfp.o)
                0x90000d60                __stdio_exit_handler
 .sbss.errno    0x90000d64        0x4 G:/File per GNU RISC-V/xpack-riscv-none-elf-gcc-14.2.0-3/bin/../lib/gcc/riscv-none-elf/14.2.0/../../../../riscv-none-elf/lib/rv32ia/ilp32\libg_nano.a(libc_a-reent.o)
                0x90000d64                errno
 .sbss.__lock___malloc_recursive_mutex
                0x90000d68        0x1 G:/File per GNU RISC-V/xpack-riscv-none-elf-gcc-14.2.0-3/bin/../lib/gcc/riscv-none-elf/14.2.0/../../../../riscv-none-elf/lib/rv32ia/ilp32\libg_nano.a(libc_a-lock.o)
                0x90000d68                __lock___malloc_recursive_mutex
 *fill*         0x90000d69        0x3 
 .sbss.__lock___atexit_recursive_mutex
                0x90000d6c        0x1 G:/File per GNU RISC-V/xpack-riscv-none-elf-gcc-14.2.0-3/bin/../lib/gcc/riscv-none-elf/14.2.0/../../../../riscv-none-elf/lib/rv32ia/ilp32\libg_nano.a(libc_a-lock.o)
                0x90000d6c                __lock___atexit_recursive_mutex
 *fill*         0x90000d6d        0x3 
 .sbss.__lock___sfp_recursive_mutex
                0x90000d70        0x1 G:/File per GNU RISC-V/xpack-riscv-none-elf-gcc-14.2.0-3/bin/../lib/gcc/riscv-none-elf/14.2.0/../../../../riscv-none-elf/lib/rv32ia/ilp32\libg_nano.a(libc_a-lock.o)
                0x90000d70                __lock___sfp_recursive_mutex
 *fill*         0x90000d71        0x3 
 .sbss.__atexit
                0x90000d74        0x4 G:/File per GNU RISC-V/xpack-riscv-none-elf-gcc-14.2.0-3/bin/../lib/gcc/riscv-none-elf/14.2.0/../../../../riscv-none-elf/lib/rv32ia/ilp32\libg_nano.a(libc_a-__call_atexit.o)
                0x90000d74                __atexit
 .sbss.__malloc_sbrk_start
                0x90000d78        0x4 G:/File per GNU RISC-V/xpack-riscv-none-elf-gcc-14.2.0-3/bin/../lib/gcc/riscv-none-elf/14.2.0/../../../../riscv-none-elf/lib/rv32ia/ilp32\libg_nano.a(libc_a-mallocr.o)
                0x90000d78                __malloc_sbrk_start
 .sbss.__malloc_free_list
                0x90000d7c        0x4 G:/File per GNU RISC-V/xpack-riscv-none-elf-gcc-14.2.0-3/bin/../lib/gcc/riscv-none-elf/14.2.0/../../../../riscv-none-elf/lib/rv32ia/ilp32\libg_nano.a(libc_a-mallocr.o)
                0x90000d7c                __malloc_free_list
 *(.gnu.linkonce.sb.*)
 *(.bss .bss.*)
 .bss.__sf      0x90000d80      0x138 G:/File per GNU RISC-V/xpack-riscv-none-elf-gcc-14.2.0-3/bin/../lib/gcc/riscv-none-elf/14.2.0/../../../../riscv-none-elf/lib/rv32ia/ilp32\libg_nano.a(libc_a-findfp.o)
                0x90000d80                __sf
 .bss.__atexit0
                0x90000eb8       0x8c G:/File per GNU RISC-V/xpack-riscv-none-elf-gcc-14.2.0-3/bin/../lib/gcc/riscv-none-elf/14.2.0/../../../../riscv-none-elf/lib/rv32ia/ilp32\libg_nano.a(libc_a-__atexit.o)
                0x90000eb8                __atexit0
 *(.gnu.linkonce.b.*)
 *(COMMON)
                0x90000f44                        . = ALIGN (0x4)
                0x90000f48                        . = ALIGN (0x8)
                0x90000f48                        PROVIDE (_end = .)
                [!provide]                        PROVIDE (end = .)

.stack          0x90003800      0x800 load address 0x90000f44
                0x90003800                        PROVIDE (_heap_end = .)
                0x00000800                        . = __stack_size
 *fill*         0x90003800      0x800 
                0x90004000                        PROVIDE (_sp = .)
OUTPUT(e203_my_periph_demo.elf elf32-littleriscv)

.debug_info     0x00000000     0x1818
 .debug_info    0x00000000      0x16e ./src/bsp/hbird-e200/stubs/_exit.o
 .debug_info    0x0000016e       0xc3 ./src/bsp/hbird-e200/stubs/close.o
 .debug_info    0x00000231      0x303 ./src/bsp/hbird-e200/stubs/fstat.o
 .debug_info    0x00000534       0xa5 ./src/bsp/hbird-e200/stubs/isatty.o
 .debug_info    0x000005d9      0x12e ./src/bsp/hbird-e200/stubs/lseek.o
 .debug_info    0x00000707       0xf5 ./src/bsp/hbird-e200/stubs/read.o
 .debug_info    0x000007fc       0xef ./src/bsp/hbird-e200/stubs/sbrk.o
 .debug_info    0x000008eb      0x18b ./src/bsp/hbird-e200/stubs/write.o
 .debug_info    0x00000a76      0x19f ./src/bsp/hbird-e200/stubs/write_hex.o
 .debug_info    0x00000c15       0x25 ./src/bsp/hbird-e200/env/entry.o
 .debug_info    0x00000c3a      0x572 ./src/bsp/hbird-e200/env/init.o
 .debug_info    0x000011ac       0x25 ./src/bsp/hbird-e200/env/start.o
 .debug_info    0x000011d1      0x5e8 ./src/main.o
 .debug_info    0x000017b9       0x5f G:/File per GNU RISC-V/xpack-riscv-none-elf-gcc-14.2.0-3/bin/../lib/gcc/riscv-none-elf/14.2.0/rv32ia/ilp32\libgcc.a(div.o)

.debug_abbrev   0x00000000      0xc2c
 .debug_abbrev  0x00000000       0xf1 ./src/bsp/hbird-e200/stubs/_exit.o
 .debug_abbrev  0x000000f1       0x7c ./src/bsp/hbird-e200/stubs/close.o
 .debug_abbrev  0x0000016d       0xfb ./src/bsp/hbird-e200/stubs/fstat.o
 .debug_abbrev  0x00000268       0x58 ./src/bsp/hbird-e200/stubs/isatty.o
 .debug_abbrev  0x000002c0       0xbd ./src/bsp/hbird-e200/stubs/lseek.o
 .debug_abbrev  0x0000037d       0xa5 ./src/bsp/hbird-e200/stubs/read.o
 .debug_abbrev  0x00000422       0xad ./src/bsp/hbird-e200/stubs/sbrk.o
 .debug_abbrev  0x000004cf       0xfe ./src/bsp/hbird-e200/stubs/write.o
 .debug_abbrev  0x000005cd       0xfb ./src/bsp/hbird-e200/stubs/write_hex.o
 .debug_abbrev  0x000006c8       0x14 ./src/bsp/hbird-e200/env/entry.o
 .debug_abbrev  0x000006dc      0x2d8 ./src/bsp/hbird-e200/env/init.o
 .debug_abbrev  0x000009b4       0x14 ./src/bsp/hbird-e200/env/start.o
 .debug_abbrev  0x000009c8      0x23c ./src/main.o
 .debug_abbrev  0x00000c04       0x28 G:/File per GNU RISC-V/xpack-riscv-none-elf-gcc-14.2.0-3/bin/../lib/gcc/riscv-none-elf/14.2.0/rv32ia/ilp32\libgcc.a(div.o)

.debug_loclists
                0x00000000      0x591
 .debug_loclists
                0x00000000       0x1d ./src/bsp/hbird-e200/stubs/_exit.o
 .debug_loclists
                0x0000001d       0x25 ./src/bsp/hbird-e200/stubs/close.o
 .debug_loclists
                0x00000042       0x48 ./src/bsp/hbird-e200/stubs/fstat.o
 .debug_loclists
                0x0000008a       0x2c ./src/bsp/hbird-e200/stubs/isatty.o
 .debug_loclists
                0x000000b6       0x57 ./src/bsp/hbird-e200/stubs/lseek.o
 .debug_loclists
                0x0000010d       0x25 ./src/bsp/hbird-e200/stubs/read.o
 .debug_loclists
                0x00000132       0x25 ./src/bsp/hbird-e200/stubs/sbrk.o
 .debug_loclists
                0x00000157       0xb4 ./src/bsp/hbird-e200/stubs/write.o
 .debug_loclists
                0x0000020b       0x8c ./src/bsp/hbird-e200/stubs/write_hex.o
 .debug_loclists
                0x00000297       0xc1 ./src/bsp/hbird-e200/env/init.o
 .debug_loclists
                0x00000358      0x239 ./src/main.o

.debug_aranges  0x00000000      0x230
 .debug_aranges
                0x00000000       0x20 ./src/bsp/hbird-e200/stubs/_exit.o
 .debug_aranges
                0x00000020       0x20 ./src/bsp/hbird-e200/stubs/close.o
 .debug_aranges
                0x00000040       0x20 ./src/bsp/hbird-e200/stubs/fstat.o
 .debug_aranges
                0x00000060       0x20 ./src/bsp/hbird-e200/stubs/isatty.o
 .debug_aranges
                0x00000080       0x20 ./src/bsp/hbird-e200/stubs/lseek.o
 .debug_aranges
                0x000000a0       0x20 ./src/bsp/hbird-e200/stubs/read.o
 .debug_aranges
                0x000000c0       0x20 ./src/bsp/hbird-e200/stubs/sbrk.o
 .debug_aranges
                0x000000e0       0x20 ./src/bsp/hbird-e200/stubs/write.o
 .debug_aranges
                0x00000100       0x20 ./src/bsp/hbird-e200/stubs/write_hex.o
 .debug_aranges
                0x00000120       0x20 ./src/bsp/hbird-e200/env/entry.o
 .debug_aranges
                0x00000140       0x70 ./src/bsp/hbird-e200/env/init.o
 .debug_aranges
                0x000001b0       0x20 ./src/bsp/hbird-e200/env/start.o
 .debug_aranges
                0x000001d0       0x40 ./src/main.o
 .debug_aranges
                0x00000210       0x20 G:/File per GNU RISC-V/xpack-riscv-none-elf-gcc-14.2.0-3/bin/../lib/gcc/riscv-none-elf/14.2.0/rv32ia/ilp32\libgcc.a(div.o)

.debug_rnglists
                0x00000000      0x302
 .debug_rnglists
                0x00000000       0x14 ./src/bsp/hbird-e200/stubs/_exit.o
 .debug_rnglists
                0x00000014       0x13 ./src/bsp/hbird-e200/stubs/close.o
 .debug_rnglists
                0x00000027       0x13 ./src/bsp/hbird-e200/stubs/fstat.o
 .debug_rnglists
                0x0000003a       0x13 ./src/bsp/hbird-e200/stubs/isatty.o
 .debug_rnglists
                0x0000004d       0x13 ./src/bsp/hbird-e200/stubs/lseek.o
 .debug_rnglists
                0x00000060       0x13 ./src/bsp/hbird-e200/stubs/read.o
 .debug_rnglists
                0x00000073       0x13 ./src/bsp/hbird-e200/stubs/sbrk.o
 .debug_rnglists
                0x00000086       0x20 ./src/bsp/hbird-e200/stubs/write.o
 .debug_rnglists
                0x000000a6       0x29 ./src/bsp/hbird-e200/stubs/write_hex.o
 .debug_rnglists
                0x000000cf       0x8b ./src/bsp/hbird-e200/env/init.o
 .debug_rnglists
                0x0000015a      0x1a8 ./src/main.o

.debug_macro    0x00000000     0x52b3
 .debug_macro   0x00000000      0x1e7 ./src/bsp/hbird-e200/stubs/_exit.o
 .debug_macro   0x000001e7      0x7c0 ./src/bsp/hbird-e200/stubs/_exit.o
 .debug_macro   0x000009a7       0x22 ./src/bsp/hbird-e200/stubs/_exit.o
 .debug_macro   0x000009c9       0x8e ./src/bsp/hbird-e200/stubs/_exit.o
 .debug_macro   0x00000a57       0x51 ./src/bsp/hbird-e200/stubs/_exit.o
 .debug_macro   0x00000aa8      0x190 ./src/bsp/hbird-e200/stubs/_exit.o
 .debug_macro   0x00000c38      0x364 ./src/bsp/hbird-e200/stubs/_exit.o
 .debug_macro   0x00000f9c       0x6e ./src/bsp/hbird-e200/stubs/_exit.o
 .debug_macro   0x0000100a       0x19 ./src/bsp/hbird-e200/stubs/_exit.o
 .debug_macro   0x00001023       0x3b ./src/bsp/hbird-e200/stubs/_exit.o
 .debug_macro   0x0000105e       0x34 ./src/bsp/hbird-e200/stubs/_exit.o
 .debug_macro   0x00001092       0x10 ./src/bsp/hbird-e200/stubs/_exit.o
 .debug_macro   0x000010a2       0x10 ./src/bsp/hbird-e200/stubs/_exit.o
 .debug_macro   0x000010b2       0x16 ./src/bsp/hbird-e200/stubs/_exit.o
 .debug_macro   0x000010c8       0x4a ./src/bsp/hbird-e200/stubs/_exit.o
 .debug_macro   0x00001112       0x34 ./src/bsp/hbird-e200/stubs/_exit.o
 .debug_macro   0x00001146       0x6a ./src/bsp/hbird-e200/stubs/_exit.o
 .debug_macro   0x000011b0       0x1c ./src/bsp/hbird-e200/stubs/_exit.o
 .debug_macro   0x000011cc       0x52 ./src/bsp/hbird-e200/stubs/_exit.o
 .debug_macro   0x0000121e       0x22 ./src/bsp/hbird-e200/stubs/_exit.o
 .debug_macro   0x00001240       0x10 ./src/bsp/hbird-e200/stubs/_exit.o
 .debug_macro   0x00001250       0x52 ./src/bsp/hbird-e200/stubs/_exit.o
 .debug_macro   0x000012a2       0xcf ./src/bsp/hbird-e200/stubs/_exit.o
 .debug_macro   0x00001371       0x1c ./src/bsp/hbird-e200/stubs/_exit.o
 .debug_macro   0x0000138d       0x3d ./src/bsp/hbird-e200/stubs/_exit.o
 .debug_macro   0x000013ca      0x51a ./src/bsp/hbird-e200/stubs/_exit.o
 .debug_macro   0x000018e4       0x1c ./src/bsp/hbird-e200/stubs/_exit.o
 .debug_macro   0x00001900       0x22 ./src/bsp/hbird-e200/stubs/_exit.o
 .debug_macro   0x00001922      0x1a2 ./src/bsp/hbird-e200/stubs/_exit.o
 .debug_macro   0x00001ac4       0x2e ./src/bsp/hbird-e200/stubs/_exit.o
 .debug_macro   0x00001af2       0x70 ./src/bsp/hbird-e200/stubs/_exit.o
 .debug_macro   0x00001b62       0x5e ./src/bsp/hbird-e200/stubs/_exit.o
 .debug_macro   0x00001bc0       0xa0 ./src/bsp/hbird-e200/stubs/_exit.o
 .debug_macro   0x00001c60      0x130 ./src/bsp/hbird-e200/stubs/_exit.o
 .debug_macro   0x00001d90       0x58 ./src/bsp/hbird-e200/stubs/_exit.o
 .debug_macro   0x00001de8       0x16 ./src/bsp/hbird-e200/stubs/_exit.o
 .debug_macro   0x00001dfe      0x1fc ./src/bsp/hbird-e200/stubs/_exit.o
 .debug_macro   0x00001ffa      0x103 ./src/bsp/hbird-e200/stubs/_exit.o
 .debug_macro   0x000020fd      0x1df ./src/bsp/hbird-e200/stubs/_exit.o
 .debug_macro   0x000022dc       0x20 ./src/bsp/hbird-e200/stubs/_exit.o
 .debug_macro   0x000022fc       0x4c ./src/bsp/hbird-e200/stubs/_exit.o
 .debug_macro   0x00002348       0xe4 ./src/bsp/hbird-e200/stubs/close.o
 .debug_macro   0x0000242c       0x10 ./src/bsp/hbird-e200/stubs/close.o
 .debug_macro   0x0000243c       0x10 ./src/bsp/hbird-e200/stubs/close.o
 .debug_macro   0x0000244c       0x58 ./src/bsp/hbird-e200/stubs/close.o
 .debug_macro   0x000024a4      0x1de ./src/bsp/hbird-e200/stubs/close.o
 .debug_macro   0x00002682      0x23c ./src/bsp/hbird-e200/stubs/close.o
 .debug_macro   0x000028be      0x1dc ./src/bsp/hbird-e200/stubs/fstat.o
 .debug_macro   0x00002a9a       0x16 ./src/bsp/hbird-e200/stubs/fstat.o
 .debug_macro   0x00002ab0       0x3c ./src/bsp/hbird-e200/stubs/fstat.o
 .debug_macro   0x00002aec       0x10 ./src/bsp/hbird-e200/stubs/fstat.o
 .debug_macro   0x00002afc       0x10 ./src/bsp/hbird-e200/stubs/fstat.o
 .debug_macro   0x00002b0c       0x10 ./src/bsp/hbird-e200/stubs/fstat.o
 .debug_macro   0x00002b1c       0x35 ./src/bsp/hbird-e200/stubs/fstat.o
 .debug_macro   0x00002b51      0x12c ./src/bsp/hbird-e200/stubs/fstat.o
 .debug_macro   0x00002c7d      0x152 ./src/bsp/hbird-e200/stubs/isatty.o
 .debug_macro   0x00002dcf      0x194 ./src/bsp/hbird-e200/stubs/lseek.o
 .debug_macro   0x00002f63      0x223 ./src/bsp/hbird-e200/stubs/read.o
 .debug_macro   0x00003186      0x218 ./src/bsp/hbird-e200/stubs/read.o
 .debug_macro   0x0000339e       0x54 ./src/bsp/hbird-e200/stubs/sbrk.o
 .debug_macro   0x000033f2      0x223 ./src/bsp/hbird-e200/stubs/write.o
 .debug_macro   0x00003615      0x1e1 ./src/bsp/hbird-e200/stubs/write_hex.o
 .debug_macro   0x000037f6      0x24e ./src/bsp/hbird-e200/env/init.o
 .debug_macro   0x00003a44       0x10 ./src/bsp/hbird-e200/env/init.o
 .debug_macro   0x00003a54     0x15c4 ./src/bsp/hbird-e200/env/init.o
 .debug_macro   0x00005018      0x29b ./src/main.o

.debug_line     0x00000000     0x1ebf
 .debug_line    0x00000000      0x1ac ./src/bsp/hbird-e200/stubs/_exit.o
 .debug_line    0x000001ac       0xbb ./src/bsp/hbird-e200/stubs/close.o
 .debug_line    0x00000267      0x163 ./src/bsp/hbird-e200/stubs/fstat.o
 .debug_line    0x000003ca       0xf0 ./src/bsp/hbird-e200/stubs/isatty.o
 .debug_line    0x000004ba      0x125 ./src/bsp/hbird-e200/stubs/lseek.o
 .debug_line    0x000005df      0x15a ./src/bsp/hbird-e200/stubs/read.o
 .debug_line    0x00000739       0xee ./src/bsp/hbird-e200/stubs/sbrk.o
 .debug_line    0x00000827      0x234 ./src/bsp/hbird-e200/stubs/write.o
 .debug_line    0x00000a5b      0x2bb ./src/bsp/hbird-e200/stubs/write_hex.o
 .debug_line    0x00000d16       0x6e ./src/bsp/hbird-e200/env/entry.o
 .debug_line    0x00000d84      0x686 ./src/bsp/hbird-e200/env/init.o
 .debug_line    0x0000140a      0x134 ./src/bsp/hbird-e200/env/start.o
 .debug_line    0x0000153e      0x82e ./src/main.o
 .debug_line    0x00001d6c      0x153 G:/File per GNU RISC-V/xpack-riscv-none-elf-gcc-14.2.0-3/bin/../lib/gcc/riscv-none-elf/14.2.0/rv32ia/ilp32\libgcc.a(div.o)

.debug_str      0x00000000     0xfa73
 .debug_str     0x00000000     0xfa73 ./src/bsp/hbird-e200/stubs/_exit.o
                               0x8bae (size before relaxing)
 .debug_str     0x0000fa73     0x5e49 ./src/bsp/hbird-e200/stubs/close.o
 .debug_str     0x0000fa73     0x7f9d ./src/bsp/hbird-e200/stubs/fstat.o
 .debug_str     0x0000fa73     0x631a ./src/bsp/hbird-e200/stubs/isatty.o
 .debug_str     0x0000fa73     0x78e9 ./src/bsp/hbird-e200/stubs/lseek.o
 .debug_str     0x0000fa73     0xa146 ./src/bsp/hbird-e200/stubs/read.o
 .debug_str     0x0000fa73     0x44b6 ./src/bsp/hbird-e200/stubs/sbrk.o
 .debug_str     0x0000fa73     0xa17c ./src/bsp/hbird-e200/stubs/write.o
 .debug_str     0x0000fa73     0x8bbb ./src/bsp/hbird-e200/stubs/write_hex.o
 .debug_str     0x0000fa73       0xeb ./src/bsp/hbird-e200/env/entry.o
 .debug_str     0x0000fa73     0xecab ./src/bsp/hbird-e200/env/init.o
 .debug_str     0x0000fa73       0xeb ./src/bsp/hbird-e200/env/start.o
 .debug_str     0x0000fa73     0x9f3d ./src/main.o
 .debug_str     0x0000fa73      0x179 G:/File per GNU RISC-V/xpack-riscv-none-elf-gcc-14.2.0-3/bin/../lib/gcc/riscv-none-elf/14.2.0/rv32ia/ilp32\libgcc.a(div.o)

.debug_line_str
                0x00000000      0x6f2
 .debug_line_str
                0x00000000      0x6f2 ./src/bsp/hbird-e200/stubs/_exit.o
                                0x507 (size before relaxing)
 .debug_line_str
                0x000006f2      0x3bb ./src/bsp/hbird-e200/stubs/close.o
 .debug_line_str
                0x000006f2      0x466 ./src/bsp/hbird-e200/stubs/fstat.o
 .debug_line_str
                0x000006f2      0x424 ./src/bsp/hbird-e200/stubs/isatty.o
 .debug_line_str
                0x000006f2      0x447 ./src/bsp/hbird-e200/stubs/lseek.o
 .debug_line_str
                0x000006f2      0x52a ./src/bsp/hbird-e200/stubs/read.o
 .debug_line_str
                0x000006f2      0x35d ./src/bsp/hbird-e200/stubs/sbrk.o
 .debug_line_str
                0x000006f2      0x52d ./src/bsp/hbird-e200/stubs/write.o
 .debug_line_str
                0x000006f2      0x513 ./src/bsp/hbird-e200/stubs/write_hex.o
 .debug_line_str
                0x000006f2       0xdd ./src/bsp/hbird-e200/env/entry.o
 .debug_line_str
                0x000006f2      0x519 ./src/bsp/hbird-e200/env/init.o
 .debug_line_str
                0x000006f2       0xdd ./src/bsp/hbird-e200/env/start.o
 .debug_line_str
                0x000006f2      0x516 ./src/main.o
 .debug_line_str
                0x000006f2      0x132 G:/File per GNU RISC-V/xpack-riscv-none-elf-gcc-14.2.0-3/bin/../lib/gcc/riscv-none-elf/14.2.0/rv32ia/ilp32\libgcc.a(div.o)

.comment        0x00000000       0x33
 .comment       0x00000000       0x33 ./src/bsp/hbird-e200/stubs/_exit.o
                                 0x34 (size before relaxing)
 .comment       0x00000033       0x34 ./src/bsp/hbird-e200/stubs/close.o
 .comment       0x00000033       0x34 ./src/bsp/hbird-e200/stubs/fstat.o
 .comment       0x00000033       0x34 ./src/bsp/hbird-e200/stubs/isatty.o
 .comment       0x00000033       0x34 ./src/bsp/hbird-e200/stubs/lseek.o
 .comment       0x00000033       0x34 ./src/bsp/hbird-e200/stubs/read.o
 .comment       0x00000033       0x34 ./src/bsp/hbird-e200/stubs/sbrk.o
 .comment       0x00000033       0x34 ./src/bsp/hbird-e200/stubs/write.o
 .comment       0x00000033       0x34 ./src/bsp/hbird-e200/stubs/write_hex.o
 .comment       0x00000033       0x34 ./src/bsp/hbird-e200/env/init.o
 .comment       0x00000033       0x34 ./src/main.o
 .comment       0x00000033       0x34 G:/File per GNU RISC-V/xpack-riscv-none-elf-gcc-14.2.0-3/bin/../lib/gcc/riscv-none-elf/14.2.0/../../../../riscv-none-elf/lib/rv32ia/ilp32\libg_nano.a(libc_a-atexit.o)
 .comment       0x00000033       0x34 G:/File per GNU RISC-V/xpack-riscv-none-elf-gcc-14.2.0-3/bin/../lib/gcc/riscv-none-elf/14.2.0/../../../../riscv-none-elf/lib/rv32ia/ilp32\libg_nano.a(libc_a-exit.o)
 .comment       0x00000033       0x34 G:/File per GNU RISC-V/xpack-riscv-none-elf-gcc-14.2.0-3/bin/../lib/gcc/riscv-none-elf/14.2.0/../../../../riscv-none-elf/lib/rv32ia/ilp32\libg_nano.a(libc_a-findfp.o)
 .comment       0x00000033       0x34 G:/File per GNU RISC-V/xpack-riscv-none-elf-gcc-14.2.0-3/bin/../lib/gcc/riscv-none-elf/14.2.0/../../../../riscv-none-elf/lib/rv32ia/ilp32\libg_nano.a(libc_a-fwalk.o)
 .comment       0x00000033       0x34 G:/File per GNU RISC-V/xpack-riscv-none-elf-gcc-14.2.0-3/bin/../lib/gcc/riscv-none-elf/14.2.0/../../../../riscv-none-elf/lib/rv32ia/ilp32\libg_nano.a(libc_a-printf.o)
 .comment       0x00000033       0x34 G:/File per GNU RISC-V/xpack-riscv-none-elf-gcc-14.2.0-3/bin/../lib/gcc/riscv-none-elf/14.2.0/../../../../riscv-none-elf/lib/rv32ia/ilp32\libg_nano.a(libc_a-stdio.o)
 .comment       0x00000033       0x34 G:/File per GNU RISC-V/xpack-riscv-none-elf-gcc-14.2.0-3/bin/../lib/gcc/riscv-none-elf/14.2.0/../../../../riscv-none-elf/lib/rv32ia/ilp32\libg_nano.a(libc_a-closer.o)
 .comment       0x00000033       0x34 G:/File per GNU RISC-V/xpack-riscv-none-elf-gcc-14.2.0-3/bin/../lib/gcc/riscv-none-elf/14.2.0/../../../../riscv-none-elf/lib/rv32ia/ilp32\libg_nano.a(libc_a-reent.o)
 .comment       0x00000033       0x34 G:/File per GNU RISC-V/xpack-riscv-none-elf-gcc-14.2.0-3/bin/../lib/gcc/riscv-none-elf/14.2.0/../../../../riscv-none-elf/lib/rv32ia/ilp32\libg_nano.a(libc_a-impure.o)
 .comment       0x00000033       0x34 G:/File per GNU RISC-V/xpack-riscv-none-elf-gcc-14.2.0-3/bin/../lib/gcc/riscv-none-elf/14.2.0/../../../../riscv-none-elf/lib/rv32ia/ilp32\libg_nano.a(libc_a-lseekr.o)
 .comment       0x00000033       0x34 G:/File per GNU RISC-V/xpack-riscv-none-elf-gcc-14.2.0-3/bin/../lib/gcc/riscv-none-elf/14.2.0/../../../../riscv-none-elf/lib/rv32ia/ilp32\libg_nano.a(libc_a-readr.o)
 .comment       0x00000033       0x34 G:/File per GNU RISC-V/xpack-riscv-none-elf-gcc-14.2.0-3/bin/../lib/gcc/riscv-none-elf/14.2.0/../../../../riscv-none-elf/lib/rv32ia/ilp32\libg_nano.a(libc_a-writer.o)
 .comment       0x00000033       0x34 G:/File per GNU RISC-V/xpack-riscv-none-elf-gcc-14.2.0-3/bin/../lib/gcc/riscv-none-elf/14.2.0/../../../../riscv-none-elf/lib/rv32ia/ilp32\libg_nano.a(libc_a-init.o)
 .comment       0x00000033       0x34 G:/File per GNU RISC-V/xpack-riscv-none-elf-gcc-14.2.0-3/bin/../lib/gcc/riscv-none-elf/14.2.0/../../../../riscv-none-elf/lib/rv32ia/ilp32\libg_nano.a(libc_a-fini.o)
 .comment       0x00000033       0x34 G:/File per GNU RISC-V/xpack-riscv-none-elf-gcc-14.2.0-3/bin/../lib/gcc/riscv-none-elf/14.2.0/../../../../riscv-none-elf/lib/rv32ia/ilp32\libg_nano.a(libc_a-lock.o)
 .comment       0x00000033       0x34 G:/File per GNU RISC-V/xpack-riscv-none-elf-gcc-14.2.0-3/bin/../lib/gcc/riscv-none-elf/14.2.0/../../../../riscv-none-elf/lib/rv32ia/ilp32\libg_nano.a(libc_a-sysisatty.o)
 .comment       0x00000033       0x34 G:/File per GNU RISC-V/xpack-riscv-none-elf-gcc-14.2.0-3/bin/../lib/gcc/riscv-none-elf/14.2.0/../../../../riscv-none-elf/lib/rv32ia/ilp32\libg_nano.a(libc_a-syswrite.o)
 .comment       0x00000033       0x34 G:/File per GNU RISC-V/xpack-riscv-none-elf-gcc-14.2.0-3/bin/../lib/gcc/riscv-none-elf/14.2.0/../../../../riscv-none-elf/lib/rv32ia/ilp32\libg_nano.a(libc_a-__atexit.o)
 .comment       0x00000033       0x34 G:/File per GNU RISC-V/xpack-riscv-none-elf-gcc-14.2.0-3/bin/../lib/gcc/riscv-none-elf/14.2.0/../../../../riscv-none-elf/lib/rv32ia/ilp32\libg_nano.a(libc_a-__call_atexit.o)
 .comment       0x00000033       0x34 G:/File per GNU RISC-V/xpack-riscv-none-elf-gcc-14.2.0-3/bin/../lib/gcc/riscv-none-elf/14.2.0/../../../../riscv-none-elf/lib/rv32ia/ilp32\libg_nano.a(libc_a-freer.o)
 .comment       0x00000033       0x34 G:/File per GNU RISC-V/xpack-riscv-none-elf-gcc-14.2.0-3/bin/../lib/gcc/riscv-none-elf/14.2.0/../../../../riscv-none-elf/lib/rv32ia/ilp32\libg_nano.a(libc_a-mallocr.o)
 .comment       0x00000033       0x34 G:/File per GNU RISC-V/xpack-riscv-none-elf-gcc-14.2.0-3/bin/../lib/gcc/riscv-none-elf/14.2.0/../../../../riscv-none-elf/lib/rv32ia/ilp32\libg_nano.a(libc_a-mlock.o)
 .comment       0x00000033       0x34 G:/File per GNU RISC-V/xpack-riscv-none-elf-gcc-14.2.0-3/bin/../lib/gcc/riscv-none-elf/14.2.0/../../../../riscv-none-elf/lib/rv32ia/ilp32\libg_nano.a(libc_a-nano-vfprintf.o)
 .comment       0x00000033       0x34 G:/File per GNU RISC-V/xpack-riscv-none-elf-gcc-14.2.0-3/bin/../lib/gcc/riscv-none-elf/14.2.0/../../../../riscv-none-elf/lib/rv32ia/ilp32\libg_nano.a(libc_a-nano-vfprintf_i.o)
 .comment       0x00000033       0x34 G:/File per GNU RISC-V/xpack-riscv-none-elf-gcc-14.2.0-3/bin/../lib/gcc/riscv-none-elf/14.2.0/../../../../riscv-none-elf/lib/rv32ia/ilp32\libg_nano.a(libc_a-fflush.o)
 .comment       0x00000033       0x34 G:/File per GNU RISC-V/xpack-riscv-none-elf-gcc-14.2.0-3/bin/../lib/gcc/riscv-none-elf/14.2.0/../../../../riscv-none-elf/lib/rv32ia/ilp32\libg_nano.a(libc_a-wbuf.o)
 .comment       0x00000033       0x34 G:/File per GNU RISC-V/xpack-riscv-none-elf-gcc-14.2.0-3/bin/../lib/gcc/riscv-none-elf/14.2.0/../../../../riscv-none-elf/lib/rv32ia/ilp32\libg_nano.a(libc_a-wsetup.o)
 .comment       0x00000033       0x34 G:/File per GNU RISC-V/xpack-riscv-none-elf-gcc-14.2.0-3/bin/../lib/gcc/riscv-none-elf/14.2.0/../../../../riscv-none-elf/lib/rv32ia/ilp32\libg_nano.a(libc_a-memchr.o)
 .comment       0x00000033       0x34 G:/File per GNU RISC-V/xpack-riscv-none-elf-gcc-14.2.0-3/bin/../lib/gcc/riscv-none-elf/14.2.0/../../../../riscv-none-elf/lib/rv32ia/ilp32\libg_nano.a(libc_a-sbrkr.o)
 .comment       0x00000033       0x34 G:/File per GNU RISC-V/xpack-riscv-none-elf-gcc-14.2.0-3/bin/../lib/gcc/riscv-none-elf/14.2.0/../../../../riscv-none-elf/lib/rv32ia/ilp32\libg_nano.a(libc_a-makebuf.o)
 .comment       0x00000033       0x34 G:/File per GNU RISC-V/xpack-riscv-none-elf-gcc-14.2.0-3/bin/../lib/gcc/riscv-none-elf/14.2.0/../../../../riscv-none-elf/lib/rv32ia/ilp32\libg_nano.a(libc_a-fstatr.o)
 .comment       0x00000033       0x34 G:/File per GNU RISC-V/xpack-riscv-none-elf-gcc-14.2.0-3/bin/../lib/gcc/riscv-none-elf/14.2.0/../../../../riscv-none-elf/lib/rv32ia/ilp32\libg_nano.a(libc_a-isattyr.o)

.note.GNU-stack
                0x00000000        0x0
 .note.GNU-stack
                0x00000000        0x0 ./src/bsp/hbird-e200/stubs/_exit.o
 .note.GNU-stack
                0x00000000        0x0 ./src/bsp/hbird-e200/stubs/close.o
 .note.GNU-stack
                0x00000000        0x0 ./src/bsp/hbird-e200/stubs/fstat.o
 .note.GNU-stack
                0x00000000        0x0 ./src/bsp/hbird-e200/stubs/isatty.o
 .note.GNU-stack
                0x00000000        0x0 ./src/bsp/hbird-e200/stubs/lseek.o
 .note.GNU-stack
                0x00000000        0x0 ./src/bsp/hbird-e200/stubs/read.o
 .note.GNU-stack
                0x00000000        0x0 ./src/bsp/hbird-e200/stubs/sbrk.o
 .note.GNU-stack
                0x00000000        0x0 ./src/bsp/hbird-e200/stubs/write.o
 .note.GNU-stack
                0x00000000        0x0 ./src/bsp/hbird-e200/stubs/write_hex.o
 .note.GNU-stack
                0x00000000        0x0 ./src/bsp/hbird-e200/env/init.o
 .note.GNU-stack
                0x00000000        0x0 ./src/main.o
 .note.GNU-stack
                0x00000000        0x0 G:/File per GNU RISC-V/xpack-riscv-none-elf-gcc-14.2.0-3/bin/../lib/gcc/riscv-none-elf/14.2.0/../../../../riscv-none-elf/lib/rv32ia/ilp32\libg_nano.a(libc_a-atexit.o)
 .note.GNU-stack
                0x00000000        0x0 G:/File per GNU RISC-V/xpack-riscv-none-elf-gcc-14.2.0-3/bin/../lib/gcc/riscv-none-elf/14.2.0/../../../../riscv-none-elf/lib/rv32ia/ilp32\libg_nano.a(libc_a-exit.o)
 .note.GNU-stack
                0x00000000        0x0 G:/File per GNU RISC-V/xpack-riscv-none-elf-gcc-14.2.0-3/bin/../lib/gcc/riscv-none-elf/14.2.0/../../../../riscv-none-elf/lib/rv32ia/ilp32\libg_nano.a(libc_a-findfp.o)
 .note.GNU-stack
                0x00000000        0x0 G:/File per GNU RISC-V/xpack-riscv-none-elf-gcc-14.2.0-3/bin/../lib/gcc/riscv-none-elf/14.2.0/../../../../riscv-none-elf/lib/rv32ia/ilp32\libg_nano.a(libc_a-fwalk.o)
 .note.GNU-stack
                0x00000000        0x0 G:/File per GNU RISC-V/xpack-riscv-none-elf-gcc-14.2.0-3/bin/../lib/gcc/riscv-none-elf/14.2.0/../../../../riscv-none-elf/lib/rv32ia/ilp32\libg_nano.a(libc_a-printf.o)
 .note.GNU-stack
                0x00000000        0x0 G:/File per GNU RISC-V/xpack-riscv-none-elf-gcc-14.2.0-3/bin/../lib/gcc/riscv-none-elf/14.2.0/../../../../riscv-none-elf/lib/rv32ia/ilp32\libg_nano.a(libc_a-stdio.o)
 .note.GNU-stack
                0x00000000        0x0 G:/File per GNU RISC-V/xpack-riscv-none-elf-gcc-14.2.0-3/bin/../lib/gcc/riscv-none-elf/14.2.0/../../../../riscv-none-elf/lib/rv32ia/ilp32\libg_nano.a(libc_a-closer.o)
 .note.GNU-stack
                0x00000000        0x0 G:/File per GNU RISC-V/xpack-riscv-none-elf-gcc-14.2.0-3/bin/../lib/gcc/riscv-none-elf/14.2.0/../../../../riscv-none-elf/lib/rv32ia/ilp32\libg_nano.a(libc_a-reent.o)
 .note.GNU-stack
                0x00000000        0x0 G:/File per GNU RISC-V/xpack-riscv-none-elf-gcc-14.2.0-3/bin/../lib/gcc/riscv-none-elf/14.2.0/../../../../riscv-none-elf/lib/rv32ia/ilp32\libg_nano.a(libc_a-impure.o)
 .note.GNU-stack
                0x00000000        0x0 G:/File per GNU RISC-V/xpack-riscv-none-elf-gcc-14.2.0-3/bin/../lib/gcc/riscv-none-elf/14.2.0/../../../../riscv-none-elf/lib/rv32ia/ilp32\libg_nano.a(libc_a-lseekr.o)
 .note.GNU-stack
                0x00000000        0x0 G:/File per GNU RISC-V/xpack-riscv-none-elf-gcc-14.2.0-3/bin/../lib/gcc/riscv-none-elf/14.2.0/../../../../riscv-none-elf/lib/rv32ia/ilp32\libg_nano.a(libc_a-readr.o)
 .note.GNU-stack
                0x00000000        0x0 G:/File per GNU RISC-V/xpack-riscv-none-elf-gcc-14.2.0-3/bin/../lib/gcc/riscv-none-elf/14.2.0/../../../../riscv-none-elf/lib/rv32ia/ilp32\libg_nano.a(libc_a-writer.o)
 .note.GNU-stack
                0x00000000        0x0 G:/File per GNU RISC-V/xpack-riscv-none-elf-gcc-14.2.0-3/bin/../lib/gcc/riscv-none-elf/14.2.0/../../../../riscv-none-elf/lib/rv32ia/ilp32\libg_nano.a(libc_a-init.o)
 .note.GNU-stack
                0x00000000        0x0 G:/File per GNU RISC-V/xpack-riscv-none-elf-gcc-14.2.0-3/bin/../lib/gcc/riscv-none-elf/14.2.0/../../../../riscv-none-elf/lib/rv32ia/ilp32\libg_nano.a(libc_a-fini.o)
 .note.GNU-stack
                0x00000000        0x0 G:/File per GNU RISC-V/xpack-riscv-none-elf-gcc-14.2.0-3/bin/../lib/gcc/riscv-none-elf/14.2.0/../../../../riscv-none-elf/lib/rv32ia/ilp32\libg_nano.a(libc_a-lock.o)
 .note.GNU-stack
                0x00000000        0x0 G:/File per GNU RISC-V/xpack-riscv-none-elf-gcc-14.2.0-3/bin/../lib/gcc/riscv-none-elf/14.2.0/../../../../riscv-none-elf/lib/rv32ia/ilp32\libg_nano.a(libc_a-sysisatty.o)
 .note.GNU-stack
                0x00000000        0x0 G:/File per GNU RISC-V/xpack-riscv-none-elf-gcc-14.2.0-3/bin/../lib/gcc/riscv-none-elf/14.2.0/../../../../riscv-none-elf/lib/rv32ia/ilp32\libg_nano.a(libc_a-syswrite.o)
 .note.GNU-stack
                0x00000000        0x0 G:/File per GNU RISC-V/xpack-riscv-none-elf-gcc-14.2.0-3/bin/../lib/gcc/riscv-none-elf/14.2.0/../../../../riscv-none-elf/lib/rv32ia/ilp32\libg_nano.a(libc_a-__atexit.o)
 .note.GNU-stack
                0x00000000        0x0 G:/File per GNU RISC-V/xpack-riscv-none-elf-gcc-14.2.0-3/bin/../lib/gcc/riscv-none-elf/14.2.0/../../../../riscv-none-elf/lib/rv32ia/ilp32\libg_nano.a(libc_a-__call_atexit.o)
 .note.GNU-stack
                0x00000000        0x0 G:/File per GNU RISC-V/xpack-riscv-none-elf-gcc-14.2.0-3/bin/../lib/gcc/riscv-none-elf/14.2.0/../../../../riscv-none-elf/lib/rv32ia/ilp32\libg_nano.a(libc_a-freer.o)
 .note.GNU-stack
                0x00000000        0x0 G:/File per GNU RISC-V/xpack-riscv-none-elf-gcc-14.2.0-3/bin/../lib/gcc/riscv-none-elf/14.2.0/../../../../riscv-none-elf/lib/rv32ia/ilp32\libg_nano.a(libc_a-mallocr.o)
 .note.GNU-stack
                0x00000000        0x0 G:/File per GNU RISC-V/xpack-riscv-none-elf-gcc-14.2.0-3/bin/../lib/gcc/riscv-none-elf/14.2.0/../../../../riscv-none-elf/lib/rv32ia/ilp32\libg_nano.a(libc_a-mlock.o)
 .note.GNU-stack
                0x00000000        0x0 G:/File per GNU RISC-V/xpack-riscv-none-elf-gcc-14.2.0-3/bin/../lib/gcc/riscv-none-elf/14.2.0/../../../../riscv-none-elf/lib/rv32ia/ilp32\libg_nano.a(libc_a-nano-vfprintf.o)
 .note.GNU-stack
                0x00000000        0x0 G:/File per GNU RISC-V/xpack-riscv-none-elf-gcc-14.2.0-3/bin/../lib/gcc/riscv-none-elf/14.2.0/../../../../riscv-none-elf/lib/rv32ia/ilp32\libg_nano.a(libc_a-nano-vfprintf_i.o)
 .note.GNU-stack
                0x00000000        0x0 G:/File per GNU RISC-V/xpack-riscv-none-elf-gcc-14.2.0-3/bin/../lib/gcc/riscv-none-elf/14.2.0/../../../../riscv-none-elf/lib/rv32ia/ilp32\libg_nano.a(libc_a-fflush.o)
 .note.GNU-stack
                0x00000000        0x0 G:/File per GNU RISC-V/xpack-riscv-none-elf-gcc-14.2.0-3/bin/../lib/gcc/riscv-none-elf/14.2.0/../../../../riscv-none-elf/lib/rv32ia/ilp32\libg_nano.a(libc_a-wbuf.o)
 .note.GNU-stack
                0x00000000        0x0 G:/File per GNU RISC-V/xpack-riscv-none-elf-gcc-14.2.0-3/bin/../lib/gcc/riscv-none-elf/14.2.0/../../../../riscv-none-elf/lib/rv32ia/ilp32\libg_nano.a(libc_a-wsetup.o)
 .note.GNU-stack
                0x00000000        0x0 G:/File per GNU RISC-V/xpack-riscv-none-elf-gcc-14.2.0-3/bin/../lib/gcc/riscv-none-elf/14.2.0/../../../../riscv-none-elf/lib/rv32ia/ilp32\libg_nano.a(libc_a-memchr.o)
 .note.GNU-stack
                0x00000000        0x0 G:/File per GNU RISC-V/xpack-riscv-none-elf-gcc-14.2.0-3/bin/../lib/gcc/riscv-none-elf/14.2.0/../../../../riscv-none-elf/lib/rv32ia/ilp32\libg_nano.a(libc_a-sbrkr.o)
 .note.GNU-stack
                0x00000000        0x0 G:/File per GNU RISC-V/xpack-riscv-none-elf-gcc-14.2.0-3/bin/../lib/gcc/riscv-none-elf/14.2.0/../../../../riscv-none-elf/lib/rv32ia/ilp32\libg_nano.a(libc_a-makebuf.o)
 .note.GNU-stack
                0x00000000        0x0 G:/File per GNU RISC-V/xpack-riscv-none-elf-gcc-14.2.0-3/bin/../lib/gcc/riscv-none-elf/14.2.0/../../../../riscv-none-elf/lib/rv32ia/ilp32\libg_nano.a(libc_a-fstatr.o)
 .note.GNU-stack
                0x00000000        0x0 G:/File per GNU RISC-V/xpack-riscv-none-elf-gcc-14.2.0-3/bin/../lib/gcc/riscv-none-elf/14.2.0/../../../../riscv-none-elf/lib/rv32ia/ilp32\libg_nano.a(libc_a-isattyr.o)

.riscv.attributes
                0x00000000       0x4f
 .riscv.attributes
                0x00000000       0x4b ./src/bsp/hbird-e200/stubs/_exit.o
 .riscv.attributes
                0x0000004b       0x4b ./src/bsp/hbird-e200/stubs/close.o
 .riscv.attributes
                0x00000096       0x4b ./src/bsp/hbird-e200/stubs/fstat.o
 .riscv.attributes
                0x000000e1       0x4b ./src/bsp/hbird-e200/stubs/isatty.o
 .riscv.attributes
                0x0000012c       0x4b ./src/bsp/hbird-e200/stubs/lseek.o
 .riscv.attributes
                0x00000177       0x4b ./src/bsp/hbird-e200/stubs/read.o
 .riscv.attributes
                0x000001c2       0x4b ./src/bsp/hbird-e200/stubs/sbrk.o
 .riscv.attributes
                0x0000020d       0x4b ./src/bsp/hbird-e200/stubs/write.o
 .riscv.attributes
                0x00000258       0x4b ./src/bsp/hbird-e200/stubs/write_hex.o
 .riscv.attributes
                0x000002a3       0x4d ./src/bsp/hbird-e200/env/entry.o
 .riscv.attributes
                0x000002f0       0x4f ./src/bsp/hbird-e200/env/init.o
 .riscv.attributes
                0x0000033f       0x4d ./src/bsp/hbird-e200/env/start.o
 .riscv.attributes
                0x0000038c       0x4b ./src/main.o
 .riscv.attributes
                0x000003d7       0x34 G:/File per GNU RISC-V/xpack-riscv-none-elf-gcc-14.2.0-3/bin/../lib/gcc/riscv-none-elf/14.2.0/../../../../riscv-none-elf/lib/rv32ia/ilp32\libg_nano.a(libc_a-atexit.o)
 .riscv.attributes
                0x0000040b       0x34 G:/File per GNU RISC-V/xpack-riscv-none-elf-gcc-14.2.0-3/bin/../lib/gcc/riscv-none-elf/14.2.0/../../../../riscv-none-elf/lib/rv32ia/ilp32\libg_nano.a(libc_a-exit.o)
 .riscv.attributes
                0x0000043f       0x34 G:/File per GNU RISC-V/xpack-riscv-none-elf-gcc-14.2.0-3/bin/../lib/gcc/riscv-none-elf/14.2.0/../../../../riscv-none-elf/lib/rv32ia/ilp32\libg_nano.a(libc_a-findfp.o)
 .riscv.attributes
                0x00000473       0x34 G:/File per GNU RISC-V/xpack-riscv-none-elf-gcc-14.2.0-3/bin/../lib/gcc/riscv-none-elf/14.2.0/../../../../riscv-none-elf/lib/rv32ia/ilp32\libg_nano.a(libc_a-fwalk.o)
 .riscv.attributes
                0x000004a7       0x34 G:/File per GNU RISC-V/xpack-riscv-none-elf-gcc-14.2.0-3/bin/../lib/gcc/riscv-none-elf/14.2.0/../../../../riscv-none-elf/lib/rv32ia/ilp32\libg_nano.a(libc_a-printf.o)
 .riscv.attributes
                0x000004db       0x34 G:/File per GNU RISC-V/xpack-riscv-none-elf-gcc-14.2.0-3/bin/../lib/gcc/riscv-none-elf/14.2.0/../../../../riscv-none-elf/lib/rv32ia/ilp32\libg_nano.a(libc_a-stdio.o)
 .riscv.attributes
                0x0000050f       0x34 G:/File per GNU RISC-V/xpack-riscv-none-elf-gcc-14.2.0-3/bin/../lib/gcc/riscv-none-elf/14.2.0/../../../../riscv-none-elf/lib/rv32ia/ilp32\libg_nano.a(libc_a-closer.o)
 .riscv.attributes
                0x00000543       0x34 G:/File per GNU RISC-V/xpack-riscv-none-elf-gcc-14.2.0-3/bin/../lib/gcc/riscv-none-elf/14.2.0/../../../../riscv-none-elf/lib/rv32ia/ilp32\libg_nano.a(libc_a-reent.o)
 .riscv.attributes
                0x00000577       0x34 G:/File per GNU RISC-V/xpack-riscv-none-elf-gcc-14.2.0-3/bin/../lib/gcc/riscv-none-elf/14.2.0/../../../../riscv-none-elf/lib/rv32ia/ilp32\libg_nano.a(libc_a-impure.o)
 .riscv.attributes
                0x000005ab       0x34 G:/File per GNU RISC-V/xpack-riscv-none-elf-gcc-14.2.0-3/bin/../lib/gcc/riscv-none-elf/14.2.0/../../../../riscv-none-elf/lib/rv32ia/ilp32\libg_nano.a(libc_a-lseekr.o)
 .riscv.attributes
                0x000005df       0x34 G:/File per GNU RISC-V/xpack-riscv-none-elf-gcc-14.2.0-3/bin/../lib/gcc/riscv-none-elf/14.2.0/../../../../riscv-none-elf/lib/rv32ia/ilp32\libg_nano.a(libc_a-readr.o)
 .riscv.attributes
                0x00000613       0x34 G:/File per GNU RISC-V/xpack-riscv-none-elf-gcc-14.2.0-3/bin/../lib/gcc/riscv-none-elf/14.2.0/../../../../riscv-none-elf/lib/rv32ia/ilp32\libg_nano.a(libc_a-writer.o)
 .riscv.attributes
                0x00000647       0x34 G:/File per GNU RISC-V/xpack-riscv-none-elf-gcc-14.2.0-3/bin/../lib/gcc/riscv-none-elf/14.2.0/../../../../riscv-none-elf/lib/rv32ia/ilp32\libg_nano.a(libc_a-init.o)
 .riscv.attributes
                0x0000067b       0x34 G:/File per GNU RISC-V/xpack-riscv-none-elf-gcc-14.2.0-3/bin/../lib/gcc/riscv-none-elf/14.2.0/../../../../riscv-none-elf/lib/rv32ia/ilp32\libg_nano.a(libc_a-fini.o)
 .riscv.attributes
                0x000006af       0x34 G:/File per GNU RISC-V/xpack-riscv-none-elf-gcc-14.2.0-3/bin/../lib/gcc/riscv-none-elf/14.2.0/../../../../riscv-none-elf/lib/rv32ia/ilp32\libg_nano.a(libc_a-lock.o)
 .riscv.attributes
                0x000006e3       0x34 G:/File per GNU RISC-V/xpack-riscv-none-elf-gcc-14.2.0-3/bin/../lib/gcc/riscv-none-elf/14.2.0/../../../../riscv-none-elf/lib/rv32ia/ilp32\libg_nano.a(libc_a-sysisatty.o)
 .riscv.attributes
                0x00000717       0x34 G:/File per GNU RISC-V/xpack-riscv-none-elf-gcc-14.2.0-3/bin/../lib/gcc/riscv-none-elf/14.2.0/../../../../riscv-none-elf/lib/rv32ia/ilp32\libg_nano.a(libc_a-syswrite.o)
 .riscv.attributes
                0x0000074b       0x32 G:/File per GNU RISC-V/xpack-riscv-none-elf-gcc-14.2.0-3/bin/../lib/gcc/riscv-none-elf/14.2.0/../../../../riscv-none-elf/lib/rv32ia/ilp32\libg_nano.a(libc_a-memset.o)
 .riscv.attributes
                0x0000077d       0x34 G:/File per GNU RISC-V/xpack-riscv-none-elf-gcc-14.2.0-3/bin/../lib/gcc/riscv-none-elf/14.2.0/../../../../riscv-none-elf/lib/rv32ia/ilp32\libg_nano.a(libc_a-__atexit.o)
 .riscv.attributes
                0x000007b1       0x34 G:/File per GNU RISC-V/xpack-riscv-none-elf-gcc-14.2.0-3/bin/../lib/gcc/riscv-none-elf/14.2.0/../../../../riscv-none-elf/lib/rv32ia/ilp32\libg_nano.a(libc_a-__call_atexit.o)
 .riscv.attributes
                0x000007e5       0x34 G:/File per GNU RISC-V/xpack-riscv-none-elf-gcc-14.2.0-3/bin/../lib/gcc/riscv-none-elf/14.2.0/../../../../riscv-none-elf/lib/rv32ia/ilp32\libg_nano.a(libc_a-freer.o)
 .riscv.attributes
                0x00000819       0x34 G:/File per GNU RISC-V/xpack-riscv-none-elf-gcc-14.2.0-3/bin/../lib/gcc/riscv-none-elf/14.2.0/../../../../riscv-none-elf/lib/rv32ia/ilp32\libg_nano.a(libc_a-mallocr.o)
 .riscv.attributes
                0x0000084d       0x34 G:/File per GNU RISC-V/xpack-riscv-none-elf-gcc-14.2.0-3/bin/../lib/gcc/riscv-none-elf/14.2.0/../../../../riscv-none-elf/lib/rv32ia/ilp32\libg_nano.a(libc_a-mlock.o)
 .riscv.attributes
                0x00000881       0x34 G:/File per GNU RISC-V/xpack-riscv-none-elf-gcc-14.2.0-3/bin/../lib/gcc/riscv-none-elf/14.2.0/../../../../riscv-none-elf/lib/rv32ia/ilp32\libg_nano.a(libc_a-nano-vfprintf.o)
 .riscv.attributes
                0x000008b5       0x34 G:/File per GNU RISC-V/xpack-riscv-none-elf-gcc-14.2.0-3/bin/../lib/gcc/riscv-none-elf/14.2.0/../../../../riscv-none-elf/lib/rv32ia/ilp32\libg_nano.a(libc_a-nano-vfprintf_i.o)
 .riscv.attributes
                0x000008e9       0x34 G:/File per GNU RISC-V/xpack-riscv-none-elf-gcc-14.2.0-3/bin/../lib/gcc/riscv-none-elf/14.2.0/../../../../riscv-none-elf/lib/rv32ia/ilp32\libg_nano.a(libc_a-fflush.o)
 .riscv.attributes
                0x0000091d       0x34 G:/File per GNU RISC-V/xpack-riscv-none-elf-gcc-14.2.0-3/bin/../lib/gcc/riscv-none-elf/14.2.0/../../../../riscv-none-elf/lib/rv32ia/ilp32\libg_nano.a(libc_a-wbuf.o)
 .riscv.attributes
                0x00000951       0x34 G:/File per GNU RISC-V/xpack-riscv-none-elf-gcc-14.2.0-3/bin/../lib/gcc/riscv-none-elf/14.2.0/../../../../riscv-none-elf/lib/rv32ia/ilp32\libg_nano.a(libc_a-wsetup.o)
 .riscv.attributes
                0x00000985       0x34 G:/File per GNU RISC-V/xpack-riscv-none-elf-gcc-14.2.0-3/bin/../lib/gcc/riscv-none-elf/14.2.0/../../../../riscv-none-elf/lib/rv32ia/ilp32\libg_nano.a(libc_a-memchr.o)
 .riscv.attributes
                0x000009b9       0x34 G:/File per GNU RISC-V/xpack-riscv-none-elf-gcc-14.2.0-3/bin/../lib/gcc/riscv-none-elf/14.2.0/../../../../riscv-none-elf/lib/rv32ia/ilp32\libg_nano.a(libc_a-sbrkr.o)
 .riscv.attributes
                0x000009ed       0x34 G:/File per GNU RISC-V/xpack-riscv-none-elf-gcc-14.2.0-3/bin/../lib/gcc/riscv-none-elf/14.2.0/../../../../riscv-none-elf/lib/rv32ia/ilp32\libg_nano.a(libc_a-makebuf.o)
 .riscv.attributes
                0x00000a21       0x34 G:/File per GNU RISC-V/xpack-riscv-none-elf-gcc-14.2.0-3/bin/../lib/gcc/riscv-none-elf/14.2.0/../../../../riscv-none-elf/lib/rv32ia/ilp32\libg_nano.a(libc_a-fstatr.o)
 .riscv.attributes
                0x00000a55       0x34 G:/File per GNU RISC-V/xpack-riscv-none-elf-gcc-14.2.0-3/bin/../lib/gcc/riscv-none-elf/14.2.0/../../../../riscv-none-elf/lib/rv32ia/ilp32\libg_nano.a(libc_a-isattyr.o)
 .riscv.attributes
                0x00000a89       0x32 G:/File per GNU RISC-V/xpack-riscv-none-elf-gcc-14.2.0-3/bin/../lib/gcc/riscv-none-elf/14.2.0/rv32ia/ilp32\libgcc.a(div.o)

.debug_frame    0x00000000      0x2f0
 .debug_frame   0x00000000       0x2c ./src/bsp/hbird-e200/stubs/_exit.o
 .debug_frame   0x0000002c       0x20 ./src/bsp/hbird-e200/stubs/close.o
 .debug_frame   0x0000004c       0x34 ./src/bsp/hbird-e200/stubs/fstat.o
 .debug_frame   0x00000080       0x20 ./src/bsp/hbird-e200/stubs/isatty.o
 .debug_frame   0x000000a0       0x2c ./src/bsp/hbird-e200/stubs/lseek.o
 .debug_frame   0x000000cc       0x20 ./src/bsp/hbird-e200/stubs/read.o
 .debug_frame   0x000000ec       0x20 ./src/bsp/hbird-e200/stubs/sbrk.o
 .debug_frame   0x0000010c       0x38 ./src/bsp/hbird-e200/stubs/write.o
 .debug_frame   0x00000144       0x48 ./src/bsp/hbird-e200/stubs/write_hex.o
 .debug_frame   0x0000018c       0xfc ./src/bsp/hbird-e200/env/init.o
 .debug_frame   0x00000288       0x68 ./src/main.o
